// Jest Snapshot v1, https://goo.gl/fbAQLP

exports[`Header组件 样式发生改变 做提示 1`] = `
<div class="header">
  <div class="header-content">
    TodoList
    <input data-test="input" type="text" placeholder="请输入TodoItem" class="header-input">
  </div>
</div>
`;
